// Vitest Snapshot v1

exports[`Scoreboard utils > should transform response to scoreboard 1`] = `
{
  "awayTeam": {
    "score": 113,
    "teamAbbr": "OKC",
    "teamId": "1610612760",
    "teamName": "Thunder",
    "teamRecord": "82-0",
  },
  "dateTimeEt": "2022-12-29T19:00",
  "homeTeam": {
    "score": 121,
    "teamAbbr": "CHA",
    "teamId": "1610612766",
    "teamName": "Hornets",
    "teamRecord": "82-0",
  },
  "period": "4",
  "periodClock": "",
  "status": "3",
  "statusDesc": "Final",
}
`;
